
> e-commerceplatform@0.0.0 build
> tsc -b && vite build

src/admin/features/dashboard/repositories/dashboardMock.repository.ts(134,28): error TS6133: 'period' is declared but its value is never read.
src/admin/features/order/repositories/orderMock.repository.ts(123,45): error TS2322: Type 'Date' is not assignable to type 'string'.
src/admin/features/order/repositories/orderMock.repository.ts(130,70): error TS2322: Type 'Date' is not assignable to type 'string'.
src/admin/features/order/repositories/orderMock.repository.ts(136,69): error TS2322: Type 'Date' is not assignable to type 'string'.
src/admin/features/order/repositories/orderMock.repository.ts(141,70): error TS2322: Type 'Date' is not assignable to type 'string'.
src/admin/features/order/repositories/orderMock.repository.ts(145,68): error TS2322: Type 'Date' is not assignable to type 'string'.
src/admin/features/order/repositories/orderMock.repository.ts(149,70): error TS2322: Type 'Date' is not assignable to type 'string'.
src/admin/features/order/repositories/orderMock.repository.ts(153,69): error TS2322: Type 'Date' is not assignable to type 'string'.
src/admin/features/order/repositories/orderMock.repository.ts(158,13): error TS2322: Type 'Date' is not assignable to type 'string'.
src/admin/features/products/services/product.service.ts(2,64): error TS6196: 'UpdateProductRequest' is declared but never used.
src/admin/pages/orderDetail/orderDetailPage.tsx(102,62): error TS18047: 'store.orderDetail' is possibly 'null'.
src/admin/pages/orderDetail/orderDetailPage.tsx(132,60): error TS18047: 'store.orderDetail' is possibly 'null'.
src/admin/pages/orderDetail/orderDetailPage.tsx(134,118): error TS18047: 'store.orderDetail' is possibly 'null'.
src/admin/pages/overview/DashboardPage.tsx(132,7): error TS6133: 'ChartSkeleton' is declared but its value is never read.
src/components/toast/toast.tsx(25,37): error TS6133: 'onRemove' is declared but its value is never read.
src/features/auth/repositories/authMock.repository.ts(63,56): error TS2366: Function lacks ending return statement and return type does not include 'undefined'.
src/features/auth/repositories/authMock.repository.ts(68,17): error TS2322: Type 'null' is not assignable to type 'void'.
src/features/auth/repositories/authMock.repository.ts(75,17): error TS2322: Type 'null' is not assignable to type 'void'.
src/features/auth/repositories/authMock.repository.ts(103,13): error TS2322: Type 'null' is not assignable to type 'void'.
src/features/auth/services/auth.service.ts(44,9): error TS2322: Type 'ApiResponse<null>' is not assignable to type 'ApiResponse<void>'.
  Type 'null' is not assignable to type 'void'.
src/features/order/checkout/repositories/checkoutMock.repository.ts(10,14): error TS2420: Class 'CheckoutMockRepository' incorrectly implements interface 'CheckoutRepository'.
  Property 'getDraftOrders' is missing in type 'CheckoutMockRepository' but required in type 'CheckoutRepository'.
src/features/order/checkout/repositories/checkoutMock.repository.ts(16,13): error TS2739: Type '{ address: any; items: { product: { id: string; name: string; imageUrl: string; price: number; originalPrice: number; discountPercentage: number; }; quantity: number; amount: number; }[]; subTotal: number; shippingFee: number; totalAmount: number; invalidItems: never[]; }' is missing the following properties from type 'PrepareCheckoutModel': prepareTempId, discountAmount, shippingDiscountAmount, appliedVouchers
src/features/order/checkout/services/checkout.service.ts(31,52): error TS2345: Argument of type 'CheckoutMockRepository | undefined' is not assignable to parameter of type 'CheckoutRepository | undefined'.
  Property 'getDraftOrders' is missing in type 'CheckoutMockRepository' but required in type 'CheckoutRepository'.
src/features/review/repositories/reviewMock.repository.ts(59,13): error TS6133: 'EmplyReviews' is declared but its value is never read.
src/features/user/models/user.model.ts(9,5): error TS2564: Property 'id' has no initializer and is not definitely assigned in the constructor.
src/features/user/models/user.model.ts(10,5): error TS2564: Property 'email' has no initializer and is not definitely assigned in the constructor.
src/features/user/models/user.model.ts(11,5): error TS2564: Property 'fullName' has no initializer and is not definitely assigned in the constructor.
src/features/user/models/user.model.ts(12,5): error TS2564: Property 'role' has no initializer and is not definitely assigned in the constructor.
src/pages/order-checkout-result/CheckoutResultPage.tsx(46,16): error TS2339: Property 'status' does not exist on type 'CheckoutResultDto'.
src/pages/order-checkout-result/CheckoutResultPage.tsx(54,23): error TS2339: Property 'status' does not exist on type 'CheckoutResultDto'.
src/pages/order-checkout-result/CheckoutResultPage.tsx(54,77): error TS2339: Property 'status' does not exist on type 'CheckoutResultDto'.
src/pages/order-checkout-result/CheckoutResultPage.tsx(62,23): error TS2339: Property 'status' does not exist on type 'CheckoutResultDto'.
src/pages/order-checkout/components/OrderItemsList.tsx(39,52): error TS18048: 'item.product.discountPercentage' is possibly 'undefined'.
src/pages/order-checkout/components/OrderItemsList.tsx(41,117): error TS18048: 'item.product.originalPrice' is possibly 'undefined'.
src/pages/order-checkout/components/OrderItemsList.tsx(43,52): error TS18048: 'item.product.originalPrice' is possibly 'undefined'.
src/pages/order-checkout/components/OrderItemsList.tsx(54,50): error TS18048: 'item.product.originalPrice' is possibly 'undefined'.
src/pages/order-checkout/components/OrderItemsList.tsx(55,124): error TS18048: 'item.product.originalPrice' is possibly 'undefined'.
src/pages/order-checkout/Modal/AddressModal.tsx(76,70): error TS18047: 'addr' is possibly 'null'.
src/pages/order-checkout/Modal/AddressModal.tsx(80,42): error TS18047: 'addr' is possibly 'null'.
src/pages/order-checkout/Modal/AddressModal.tsx(89,98): error TS18047: 'addr' is possibly 'null'.
src/pages/order-checkout/Modal/AddressModal.tsx(91,93): error TS18047: 'addr' is possibly 'null'.
src/pages/order-checkout/Modal/AddressModal.tsx(98,84): error TS18047: 'addr' is possibly 'null'.
src/pages/order-checkout/Modal/AddressModal.tsx(100,46): error TS18047: 'addr' is possibly 'null'.
src/pages/order-checkout/Modal/AddressModal.tsx(106,54): error TS18047: 'addr' is possibly 'null'.
src/pages/order-checkout/Modal/AddressModal.tsx(106,69): error TS18047: 'addr' is possibly 'null'.
src/pages/order-checkout/Modal/AddressModal.tsx(115,64): error TS18047: 'addr' is possibly 'null'.
src/pages/order-checkout/Modal/AddressModal.tsx(115,79): error TS18047: 'addr' is possibly 'null'.
src/pages/product/product.controller.ts(12,26): error TS6133: 'slug' is declared but its value is never read.
